
> Configure project :app
WARNING: The option setting 'android.usesSdkInManifest.disallowed=false' is deprecated.
The current default is 'true'.
It will be removed in version 10.0 of the Android Gradle plugin.
WARNING: The option setting 'android.sdk.defaultTargetSdkToCompileSdkIfUnset=false' is deprecated.
The current default is 'true'.
It will be removed in version 10.0 of the Android Gradle plugin.
WARNING: The option setting 'android.enableAppCompileTimeRClass=false' is deprecated.
The current default is 'true'.
It will be removed in version 10.0 of the Android Gradle plugin.
WARNING: The option setting 'android.builtInKotlin=false' is deprecated.
The current default is 'true'.
It will be removed in version 10.0 of the Android Gradle plugin.
WARNING: The option setting 'android.newDsl=false' is deprecated.
The current default is 'true'.
It will be removed in version 10.0 of the Android Gradle plugin.
WARNING: The option setting 'android.r8.optimizedResourceShrinking=false' is deprecated.
The current default is 'true'.
It will be removed in version 10.0 of the Android Gradle plugin.
WARNING: The option setting 'android.defaults.buildfeatures.resvalues=true' is deprecated.
The current default is 'false'.
It will be removed in version 10.0 of the Android Gradle plugin.
WARNING: The property android.dependency.excludeLibraryComponentsFromConstraints improves project import performance for very large projects. It should be enabled to improve performance.
To suppress this warning, add android.generateSyncIssueWhenLibraryConstraintsAreEnabled=false to gradle.properties
WARNING: The property android.dependency.excludeLibraryComponentsFromConstraints improves project import performance for very large projects. It should be enabled to improve performance.
To suppress this warning, add android.generateSyncIssueWhenLibraryConstraintsAreEnabled=false to gradle.properties
WARNING: The property android.dependency.excludeLibraryComponentsFromConstraints improves project import performance for very large projects. It should be enabled to improve performance.
To suppress this warning, add android.generateSyncIssueWhenLibraryConstraintsAreEnabled=false to gradle.properties
WARNING: The property android.dependency.excludeLibraryComponentsFromConstraints improves project import performance for very large projects. It should be enabled to improve performance.
To suppress this warning, add android.generateSyncIssueWhenLibraryConstraintsAreEnabled=false to gradle.properties

> Task :app:preBuild UP-TO-DATE
> Task :app:preDebugBuild UP-TO-DATE
> Task :app:mergeDebugNativeDebugMetadata NO-SOURCE
> Task :app:checkKotlinGradlePluginConfigurationErrors SKIPPED
> Task :app:dataBindingMergeDependencyArtifactsDebug UP-TO-DATE
> Task :app:generateDebugResValues UP-TO-DATE
> Task :app:generateDebugResources UP-TO-DATE
> Task :app:mergeDebugResources UP-TO-DATE
> Task :app:packageDebugResources UP-TO-DATE
> Task :app:processDebugNavigationResources UP-TO-DATE
> Task :app:parseDebugLocalResources UP-TO-DATE
> Task :app:dataBindingGenBaseClassesDebug UP-TO-DATE
> Task :app:checkDebugAarMetadata UP-TO-DATE
> Task :app:compileDebugNavigationResources UP-TO-DATE
> Task :app:mapDebugSourceSetPaths UP-TO-DATE
> Task :app:createDebugCompatibleScreenManifests UP-TO-DATE
> Task :app:extractDeepLinksDebug UP-TO-DATE
> Task :app:processDebugMainManifest UP-TO-DATE
> Task :app:processDebugManifest UP-TO-DATE
> Task :app:processDebugManifestForPackage UP-TO-DATE
> Task :app:processDebugResources UP-TO-DATE
> Task :app:javaPreCompileDebug UP-TO-DATE
> Task :app:generateDebugAssets UP-TO-DATE
> Task :app:mergeDebugAssets UP-TO-DATE
> Task :app:compressDebugAssets UP-TO-DATE
> Task :app:l8DexDesugarLibDebug UP-TO-DATE
> Task :app:checkDebugDuplicateClasses UP-TO-DATE
> Task :app:desugarDebugFileDependencies UP-TO-DATE
> Task :app:mergeExtDexDebug UP-TO-DATE
> Task :app:mergeLibDexDebug UP-TO-DATE
> Task :app:mergeDebugJniLibFolders UP-TO-DATE
> Task :app:mergeDebugNativeLibs NO-SOURCE
> Task :app:stripDebugDebugSymbols NO-SOURCE
> Task :app:validateSigningDebug UP-TO-DATE
> Task :app:writeDebugAppMetadata UP-TO-DATE
> Task :app:writeDebugSigningConfigVersions UP-TO-DATE

> Task :app:compileDebugKotlin FAILED
.\gradlew : e: file:///C:/Users/Zidan/AndroidStudioProjects/SIKMP/app/src/main/java/com/example/myapplication/ui/kasir/
KasirPosFragment.kt:140:25 Cannot infer type for this parameter. Specify it explicitly.
At line:1 char:63
+ ... \Android Studio\jbr"; .\gradlew assembleDebug > build_output.txt 2>&1
+                           ~~~~~~~~~~~~~~~~~~~~~~~~~~~~~~~~~~~~~~~~~~~~~~~
    + CategoryInfo          : NotSpecified: (e: file:///C:/U... it explicitly.:String) [], RemoteException
    + FullyQualifiedErrorId : NativeCommandError
 
e: file:///C:/Users/Zidan/AndroidStudioProjects/SIKMP/app/src/main/java/com/example/myapplication/ui/kasir/KasirPosFrag
ment.kt:141:12 Argument type mismatch: actual type is 'Pair<uninferred A (of fun <A, B> A.to), uninferred B (of fun 
<A, B> A.to)>', but 'Pair<uninferred K (of fun <K, V> mapOf), uninferred V (of fun <K, V> mapOf)>' was expected.
e: file:///C:/Users/Zidan/AndroidStudioProjects/SIKMP/app/src/main/java/com/example/myapplication/ui/kasir/KasirPosFrag
ment.kt:141:20 Unresolved reference 'btnNum0'.
e: file:///C:/Users/Zidan/AndroidStudioProjects/SIKMP/app/src/main/java/com/example/myapplication/ui/kasir/KasirPosFrag
ment.kt:141:28 Cannot infer type for this parameter. Specify it explicitly.
e: file:///C:/Users/Zidan/AndroidStudioProjects/SIKMP/app/src/main/java/com/example/myapplication/ui/kasir/KasirPosFrag
ment.kt:141:36 Argument type mismatch: actual type is 'Pair<uninferred A (of fun <A, B> A.to), uninferred B (of fun 
<A, B> A.to)>', but 'Pair<uninferred K (of fun <K, V> mapOf), uninferred V (of fun <K, V> mapOf)>' was expected.
e: file:///C:/Users/Zidan/AndroidStudioProjects/SIKMP/app/src/main/java/com/example/myapplication/ui/kasir/KasirPosFrag
ment.kt:141:44 Unresolved reference 'btnNum1'.
e: file:///C:/Users/Zidan/AndroidStudioProjects/SIKMP/app/src/main/java/com/example/myapplication/ui/kasir/KasirPosFrag
ment.kt:141:52 Cannot infer type for this parameter. Specify it explicitly.
e: file:///C:/Users/Zidan/AndroidStudioProjects/SIKMP/app/src/main/java/com/example/myapplication/ui/kasir/KasirPosFrag
ment.kt:141:60 Argument type mismatch: actual type is 'Pair<uninferred A (of fun <A, B> A.to), uninferred B (of fun 
<A, B> A.to)>', but 'Pair<uninferred K (of fun <K, V> mapOf), uninferred V (of fun <K, V> mapOf)>' was expected.
e: file:///C:/Users/Zidan/AndroidStudioProjects/SIKMP/app/src/main/java/com/example/myapplication/ui/kasir/KasirPosFrag
ment.kt:141:68 Unresolved reference 'btnNum2'.
e: file:///C:/Users/Zidan/AndroidStudioProjects/SIKMP/app/src/main/java/com/example/myapplication/ui/kasir/KasirPosFrag
ment.kt:141:76 Cannot infer type for this parameter. Specify it explicitly.
e: file:///C:/Users/Zidan/AndroidStudioProjects/SIKMP/app/src/main/java/com/example/myapplication/ui/kasir/KasirPosFrag
ment.kt:142:12 Argument type mismatch: actual type is 'Pair<uninferred A (of fun <A, B> A.to), uninferred B (of fun 
<A, B> A.to)>', but 'Pair<uninferred K (of fun <K, V> mapOf), uninferred V (of fun <K, V> mapOf)>' was expected.
e: file:///C:/Users/Zidan/AndroidStudioProjects/SIKMP/app/src/main/java/com/example/myapplication/ui/kasir/KasirPosFrag
ment.kt:142:20 Unresolved reference 'btnNum3'.
e: file:///C:/Users/Zidan/AndroidStudioProjects/SIKMP/app/src/main/java/com/example/myapplication/ui/kasir/KasirPosFrag
ment.kt:142:28 Cannot infer type for this parameter. Specify it explicitly.
e: file:///C:/Users/Zidan/AndroidStudioProjects/SIKMP/app/src/main/java/com/example/myapplication/ui/kasir/KasirPosFrag
ment.kt:142:36 Argument type mismatch: actual type is 'Pair<uninferred A (of fun <A, B> A.to), uninferred B (of fun 
<A, B> A.to)>', but 'Pair<uninferred K (of fun <K, V> mapOf), uninferred V (of fun <K, V> mapOf)>' was expected.
e: file:///C:/Users/Zidan/AndroidStudioProjects/SIKMP/app/src/main/java/com/example/myapplication/ui/kasir/KasirPosFrag
ment.kt:142:44 Unresolved reference 'btnNum4'.
e: file:///C:/Users/Zidan/AndroidStudioProjects/SIKMP/app/src/main/java/com/example/myapplication/ui/kasir/KasirPosFrag
ment.kt:142:52 Cannot infer type for this parameter. Specify it explicitly.
e: file:///C:/Users/Zidan/AndroidStudioProjects/SIKMP/app/src/main/java/com/example/myapplication/ui/kasir/KasirPosFrag
ment.kt:142:60 Argument type mismatch: actual type is 'Pair<uninferred A (of fun <A, B> A.to), uninferred B (of fun 
<A, B> A.to)>', but 'Pair<uninferred K (of fun <K, V> mapOf), uninferred V (of fun <K, V> mapOf)>' was expected.
e: file:///C:/Users/Zidan/AndroidStudioProjects/SIKMP/app/src/main/java/com/example/myapplication/ui/kasir/KasirPosFrag
ment.kt:142:68 Unresolved reference 'btnNum5'.
e: file:///C:/Users/Zidan/AndroidStudioProjects/SIKMP/app/src/main/java/com/example/myapplication/ui/kasir/KasirPosFrag
ment.kt:142:76 Cannot infer type for this parameter. Specify it explicitly.
e: file:///C:/Users/Zidan/AndroidStudioProjects/SIKMP/app/src/main/java/com/example/myapplication/ui/kasir/KasirPosFrag
ment.kt:143:12 Argument type mismatch: actual type is 'Pair<uninferred A (of fun <A, B> A.to), uninferred B (of fun 
<A, B> A.to)>', but 'Pair<uninferred K (of fun <K, V> mapOf), uninferred V (of fun <K, V> mapOf)>' was expected.
e: file:///C:/Users/Zidan/AndroidStudioProjects/SIKMP/app/src/main/java/com/example/myapplication/ui/kasir/KasirPosFrag
ment.kt:143:20 Unresolved reference 'btnNum6'.
e: file:///C:/Users/Zidan/AndroidStudioProjects/SIKMP/app/src/main/java/com/example/myapplication/ui/kasir/KasirPosFrag
ment.kt:143:28 Cannot infer type for this parameter. Specify it explicitly.
e: file:///C:/Users/Zidan/AndroidStudioProjects/SIKMP/app/src/main/java/com/example/myapplication/ui/kasir/KasirPosFrag
ment.kt:143:36 Argument type mismatch: actual type is 'Pair<uninferred A (of fun <A, B> A.to), uninferred B (of fun 
<A, B> A.to)>', but 'Pair<uninferred K (of fun <K, V> mapOf), uninferred V (of fun <K, V> mapOf)>' was expected.
e: file:///C:/Users/Zidan/AndroidStudioProjects/SIKMP/app/src/main/java/com/example/myapplication/ui/kasir/KasirPosFrag
ment.kt:143:44 Unresolved reference 'btnNum7'.
e: file:///C:/Users/Zidan/AndroidStudioProjects/SIKMP/app/src/main/java/com/example/myapplication/ui/kasir/KasirPosFrag
ment.kt:143:52 Cannot infer type for this parameter. Specify it explicitly.
e: file:///C:/Users/Zidan/AndroidStudioProjects/SIKMP/app/src/main/java/com/example/myapplication/ui/kasir/KasirPosFrag
ment.kt:143:60 Argument type mismatch: actual type is 'Pair<uninferred A (of fun <A, B> A.to), uninferred B (of fun 
<A, B> A.to)>', but 'Pair<uninferred K (of fun <K, V> mapOf), uninferred V (of fun <K, V> mapOf)>' was expected.
e: file:///C:/Users/Zidan/AndroidStudioProjects/SIKMP/app/src/main/java/com/example/myapplication/ui/kasir/KasirPosFrag
ment.kt:143:68 Unresolved reference 'btnNum8'.
e: file:///C:/Users/Zidan/AndroidStudioProjects/SIKMP/app/src/main/java/com/example/myapplication/ui/kasir/KasirPosFrag
ment.kt:143:76 Cannot infer type for this parameter. Specify it explicitly.
e: file:///C:/Users/Zidan/AndroidStudioProjects/SIKMP/app/src/main/java/com/example/myapplication/ui/kasir/KasirPosFrag
ment.kt:144:12 Argument type mismatch: actual type is 'Pair<uninferred A (of fun <A, B> A.to), uninferred B (of fun 
<A, B> A.to)>', but 'Pair<uninferred K (of fun <K, V> mapOf), uninferred V (of fun <K, V> mapOf)>' was expected.
e: file:///C:/Users/Zidan/AndroidStudioProjects/SIKMP/app/src/main/java/com/example/myapplication/ui/kasir/KasirPosFrag
ment.kt:144:20 Unresolved reference 'btnNum9'.
e: file:///C:/Users/Zidan/AndroidStudioProjects/SIKMP/app/src/main/java/com/example/myapplication/ui/kasir/KasirPosFrag
ment.kt:144:28 Cannot infer type for this parameter. Specify it explicitly.
e: file:///C:/Users/Zidan/AndroidStudioProjects/SIKMP/app/src/main/java/com/example/myapplication/ui/kasir/KasirPosFrag
ment.kt:144:36 Argument type mismatch: actual type is 'Pair<uninferred A (of fun <A, B> A.to), uninferred B (of fun 
<A, B> A.to)>', but 'Pair<uninferred K (of fun <K, V> mapOf), uninferred V (of fun <K, V> mapOf)>' was expected.
e: file:///C:/Users/Zidan/AndroidStudioProjects/SIKMP/app/src/main/java/com/example/myapplication/ui/kasir/KasirPosFrag
ment.kt:144:44 Unresolved reference 'btnNum000'.
e: file:///C:/Users/Zidan/AndroidStudioProjects/SIKMP/app/src/main/java/com/example/myapplication/ui/kasir/KasirPosFrag
ment.kt:144:54 Cannot infer type for this parameter. Specify it explicitly.
e: file:///C:/Users/Zidan/AndroidStudioProjects/SIKMP/app/src/main/java/com/example/myapplication/ui/kasir/KasirPosFrag
ment.kt:147:19 Cannot infer type for this parameter. Specify it explicitly.
e: file:///C:/Users/Zidan/AndroidStudioProjects/SIKMP/app/src/main/java/com/example/myapplication/ui/kasir/KasirPosFrag
ment.kt:147:19 Not enough information to infer type argument for 'K'.
e: file:///C:/Users/Zidan/AndroidStudioProjects/SIKMP/app/src/main/java/com/example/myapplication/ui/kasir/KasirPosFrag
ment.kt:147:30 Not enough information to infer type argument for 'K'.
e: file:///C:/Users/Zidan/AndroidStudioProjects/SIKMP/app/src/main/java/com/example/myapplication/ui/kasir/KasirPosFrag
ment.kt:147:35 Not enough information to infer type argument for 'K'.
e: file:///C:/Users/Zidan/AndroidStudioProjects/SIKMP/app/src/main/java/com/example/myapplication/ui/kasir/KasirPosFrag
ment.kt:148:16 Unresolved reference 'setOnClickListener'.
e: file:///C:/Users/Zidan/AndroidStudioProjects/SIKMP/app/src/main/java/com/example/myapplication/ui/kasir/KasirPosFrag
ment.kt:156:16 Unresolved reference 'btnDel'.
e: file:///C:/Users/Zidan/AndroidStudioProjects/SIKMP/app/src/main/java/com/example/myapplication/ui/kasir/KasirPosFrag
ment.kt:163:16 Unresolved reference 'btnClear'.
e: file:///C:/Users/Zidan/AndroidStudioProjects/SIKMP/app/src/main/java/com/example/myapplication/ui/kasir/KasirPosFrag
ment.kt:168:16 Unresolved reference 'btnPromo'.
e: file:///C:/Users/Zidan/AndroidStudioProjects/SIKMP/app/src/main/java/com/example/myapplication/ui/kasir/KasirPosFrag
ment.kt:173:16 Unresolved reference 'inputPay'.
e: file:///C:/Users/Zidan/AndroidStudioProjects/SIKMP/app/src/main/java/com/example/myapplication/ui/kasir/KasirPosFrag
ment.kt:191:24 Unresolved reference 'txtAppliedPromos'.
e: file:///C:/Users/Zidan/AndroidStudioProjects/SIKMP/app/src/main/java/com/example/myapplication/ui/kasir/KasirPosFrag
ment.kt:206:28 Unresolved reference 'txtAppliedPromos'.
e: file:///C:/Users/Zidan/AndroidStudioProjects/SIKMP/app/src/main/java/com/example/myapplication/ui/kasir/KasirPosFrag
ment.kt:207:28 Unresolved reference 'txtAppliedPromos'.
e: file:///C:/Users/Zidan/AndroidStudioProjects/SIKMP/app/src/main/java/com/example/myapplication/ui/kasir/KasirPosFrag
ment.kt:312:16 Unresolved reference 'txtChange'.
e: file:///C:/Users/Zidan/AndroidStudioProjects/SIKMP/app/src/main/java/com/example/myapplication/ui/kasir/KasirPosFrag
ment.kt:315:20 Unresolved reference 'txtChange'.
e: file:///C:/Users/Zidan/AndroidStudioProjects/SIKMP/app/src/main/java/com/example/myapplication/ui/kasir/KasirPosFrag
ment.kt:317:20 Unresolved reference 'txtChange'.
e: file:///C:/Users/Zidan/AndroidStudioProjects/SIKMP/app/src/main/java/com/example/myapplication/ui/kasir/KasirPosFrag
ment.kt:393:24 Unresolved reference 'txtAppliedPromos'.
e: file:///C:/Users/Zidan/AndroidStudioProjects/SIKMP/app/src/main/java/com/example/myapplication/ui/kasir/PaymentFragm
ent.kt:292:21 Unresolved reference 'clearCart'.

FAILURE: Build failed with an exception.

* What went wrong:
Execution failed for task ':app:compileDebugKotlin'.
> A failure occurred while executing 
org.jetbrains.kotlin.compilerRunner.GradleCompilerRunnerWithWorkers$GradleKotlinCompilerWorkAction
   > Compilation error. See log for more details

* Try:
> Run with --stacktrace option to get the stack trace.
> Run with --info or --debug option to get more log output.
> Run with --scan to generate a Build Scan (Powered by Develocity).
> Get more help at https://help.gradle.org.

BUILD FAILED in 6s
30 actionable tasks: 1 executed, 29 up-to-date
